Idx   | Type            | Params     | In-Ch        | Out-Ch      
----------------------------------------------------------------------
0     | Conv            | 464        | 3            | 16          
1     | Conv            | 4,672      | 16           | 32          
2     | C3k2            | 6,640      | 32           | 64          
3     | Conv            | 36,992     | 64           | 64          
4     | C3k2            | 26,080     | 64           | 128         
5     | Conv            | 147,712    | 128          | 128         
6     | C3k2            | 87,040     | 128          | 128         
7     | Conv            | 295,424    | 128          | 256         
8     | C3k2            | 346,112    | 256          | 256         
9     | SPPF            | 164,608    | 256          | 256         
10    | C2PSA           | 249,728    | 256          | 256         
11    | Upsample        | 0          | N/A          | N/A         
12    | Concat          | 0          | N/A          | N/A         
13    | C3k2            | 119,808    | 384          | 128         
14    | Upsample        | 0          | N/A          | N/A         
15    | Concat          | 0          | N/A          | N/A         
16    | C3k2            | 34,304     | 256          | 64          
17    | Conv            | 36,992     | 64           | 64          
18    | Concat          | 0          | N/A          | N/A         
19    | C3k2            | 95,232     | 192          | 128         
20    | Conv            | 147,712    | 128          | 128         
21    | Concat          | 0          | N/A          | N/A         
22    | C3k2            | 463,104    | 384          | 256         
23    | Detect          | 309,656    | Multi-Scale  | 80          
----------------------------------------------------------------------
Total Parameters: 2,572,280
